Iniciando proceso ETL (Extracción, Transformación y Carga)...
-> Procesando dim_usuario...
-> Procesando dim_comercio...
-> Procesando dim_fecha...
-> Procesando dim_hora...
-> Procesando hechos_pedidos...
Traceback (most recent call last):
  File "C:\Users\iancu\OneDrive\Escritorio\github_repos\datitos\Entrega_2\etl.py", line 176, in <module>
    ejecutar_etl()
  File "C:\Users\iancu\OneDrive\Escritorio\github_repos\datitos\Entrega_2\etl.py", line 160, in ejecutar_etl
    print("\u2705 Proceso ETL finalizado con éxito. Datos transferidos a la BD Analítica.")
  File "C:\Users\iancu\AppData\Local\Programs\Python\Python310\lib\encodings\cp1252.py", line 19, in encode
    return codecs.charmap_encode(input,self.errors,encoding_table)[0]
UnicodeEncodeError: 'charmap' codec can't encode character '\u2705' in position 0: character maps to <undefined>
Iniciando proceso ETL (Extracción, Transformación y Carga)...
-> Procesando dim_usuario...
-> Procesando dim_comercio...
-> Procesando dim_fecha...
-> Procesando dim_hora...
-> Procesando hechos_pedidos...
Proceso ETL finalizado con exito. Datos transferidos a la BD Analitica.
